<html>
<body>
<pre>
<h1>µVision Build Log</h1>
<h2>Project:</h2>
C:\Users\Dell\Desktop\PPSW-master\archive\Serwo\Serwo.uvproj
Project File Date:  03/30/2026

<h2>Output:</h2>
Build target 'Target 1'
compiling keyboard.c...
compiling led.c...
led.h(5): warning:  #1-D: last line of file ends without a newline
compiling main.c...
uart.h(26): warning:  #1295-D: Deprecated declaration Transmitter_GetCharacterFromBuffer - give arg types
uart.h(28): warning:  #1-D: last line of file ends without a newline
command_decoder.h(39): warning:  #1-D: last line of file ends without a newline
main.c(58): warning:  #1-D: last line of file ends without a newline
compiling timer_interrupts.c...
led.h(5): warning:  #1-D: last line of file ends without a newline
compiling serwo.c...
led.h(5): warning:  #1-D: last line of file ends without a newline
serwo.h(11): warning:  #1-D: last line of file ends without a newline
compiling uart.c...
linking...
Program Size: Code=3588 RO-data=32 RW-data=32 ZI-data=1384  
FromELF: creating hex file...
".\Serwo.axf" - 0 Errors, 8 Warning(s).
Build target 'Target 1'
linking...
Program Size: Code=3588 RO-data=32 RW-data=32 ZI-data=1384  
FromELF: creating hex file...
".\Serwo.axf" - 0 Errors, 0 Warning(s).
